Erreur syntaxique (1:9) operateur = attendu
Erreur syntaxique (1:13) operateur = attendu
Erreur syntaxique (1:17) operateur = attendu
Erreur syntaxique (2:1) symbole ; attendu
Erreur syntaxique (2:7) symbole , attendu
Erreur syntaxique (2:9) symbole , attendu
Erreur syntaxique (3:1) symbole ; attendu
Erreur syntaxique (4:1) symbole ; attendu
Erreur syntaxique (4:3) operateur := attendu
Erreur syntaxique (5:1) symbole ; attendu
Erreur syntaxique (5:21) symbole ; attendu