Warining ligne 1:7 : La variable 'b' n'est pas utilisÃ©e.
