Erreur ligne 2:5 : 'a' est déjà déclarée à la ligne 1:5.
