Compilateur Lutin
Utilisation: lut [options] fichier
Options:
  -h [ --help ]         Affiche ce message d'aide
  -p [ --program ]      Affiche sur la sortie standard la représentation en
                        mémoire du programme
  -e [ --execute ]      Exécution interactive du programme
  -a [ --analyse ]      Analyse statique du programme
  -o [ --optimize ]     Transforme le programme et le simplifie
  -i [ --input ] arg    programme lutin, argument par défaut

