Erreur syntaxique (1:7) symbole , attendu
Erreur syntaxique (4:1) symbole ; attendu
Erreur syntaxique (4:9) operateur = attendu
Erreur syntaxique (5:4) operateur = attendu
Erreur syntaxique (6:1) symbole ; attendu
Erreur syntaxique (8:1) symbole ; attendu
Erreur syntaxique (11:4) operateur := attendu
Erreur ligne 7:16 : a n'est pas initialisée.
Erreur ligne 7:18 : 'dd' n'est pas déclarée.
Warning ligne 4:7 : La constante 'w' n'est pas utilisée.
